// Jest Snapshot v1, https://goo.gl/fbAQLP

exports[`StateManager localStorage unavailable not throw any error on constructor 1`] = `"received is not a function"`;
